  Determining projects to restore...
  All projects are up-to-date for restore.
  OrderManagement.Domain -> /root/agent_code_generator/workspaces/order_management_net/order-management_v2/src/OrderManagement.Domain/bin/Debug/net8.0/OrderManagement.Domain.dll
  OrderManagement.Application -> /root/agent_code_generator/workspaces/order_management_net/order-management_v2/src/OrderManagement.Application/bin/Debug/net8.0/OrderManagement.Application.dll
  OrderManagement.Domain.Tests -> /root/agent_code_generator/workspaces/order_management_net/order-management_v2/tests/OrderManagement.Domain.Tests/bin/Debug/net8.0/OrderManagement.Domain.Tests.dll
Test run for /root/agent_code_generator/workspaces/order_management_net/order-management_v2/tests/OrderManagement.Domain.Tests/bin/Debug/net8.0/OrderManagement.Domain.Tests.dll (.NETCoreApp,Version=v8.0)
VSTest version 17.11.1 (x64)

Starting test execution, please wait...
A total of 1 test files matched the specified pattern.
  OrderManagement.Infrastructure -> /root/agent_code_generator/workspaces/order_management_net/order-management_v2/src/OrderManagement.Infrastructure/bin/Debug/net8.0/OrderManagement.Infrastructure.dll
  OrderManagement.Application.Tests -> /root/agent_code_generator/workspaces/order_management_net/order-management_v2/tests/OrderManagement.Application.Tests/bin/Debug/net8.0/OrderManagement.Application.Tests.dll
Test run for /root/agent_code_generator/workspaces/order_management_net/order-management_v2/tests/OrderManagement.Application.Tests/bin/Debug/net8.0/OrderManagement.Application.Tests.dll (.NETCoreApp,Version=v8.0)
VSTest version 17.11.1 (x64)

  OrderManagement.Api -> /root/agent_code_generator/workspaces/order_management_net/order-management_v2/src/OrderManagement.Api/bin/Debug/net8.0/OrderManagement.Api.dll
Starting test execution, please wait...
A total of 1 test files matched the specified pattern.

Passed!  - Failed:     0, Passed:    26, Skipped:     0, Total:    26, Duration: 162 ms - OrderManagement.Domain.Tests.dll (net8.0)
  OrderManagement.Infrastructure.Tests -> /root/agent_code_generator/workspaces/order_management_net/order-management_v2/tests/OrderManagement.Infrastructure.Tests/bin/Debug/net8.0/OrderManagement.Infrastructure.Tests.dll
Test run for /root/agent_code_generator/workspaces/order_management_net/order-management_v2/tests/OrderManagement.Infrastructure.Tests/bin/Debug/net8.0/OrderManagement.Infrastructure.Tests.dll (.NETCoreApp,Version=v8.0)
VSTest version 17.11.1 (x64)

Starting test execution, please wait...
A total of 1 test files matched the specified pattern.

Passed!  - Failed:     0, Passed:     8, Skipped:     0, Total:     8, Duration: 290 ms - OrderManagement.Application.Tests.dll (net8.0)

Passed!  - Failed:     0, Passed:     9, Skipped:     0, Total:     9, Duration: 850 ms - OrderManagement.Infrastructure.Tests.dll (net8.0)
